../Core/Src/main.c:133:6:kejar_bola_1	1
../Core/Src/main.c:146:6:kejar_bola_2	1
../Core/Src/main.c:167:6:remap	1
../Core/Src/main.c:172:6:motor_calculation	7
../Core/Src/main.c:229:6:ball_position_based_on_camera_callback	1
../Core/Src/main.c:235:6:robot_mode_callback	1
../Core/Src/main.c:240:6:kicker_module_callback	1
../Core/Src/main.c:245:6:pidParam_callback	2
../Core/Src/main.c:264:6:timer_callback	4
../Core/Src/main.c:279:6:create_entities	1
../Core/Src/main.c:361:6:destroy_entities	1
../Core/Src/main.c:385:5:main	1
../Core/Src/main.c:468:6:SystemClock_Config	3
../Core/Src/main.c:511:13:MX_USART2_UART_Init	2
../Core/Src/main.c:540:13:MX_DMA_Init	1
../Core/Src/main.c:560:13:MX_GPIO_Init	1
../Core/Src/main.c:597:6:StartDefaultTask	28
../Core/Src/main.c:720:6:HAL_TIM_PeriodElapsedCallback	2
../Core/Src/main.c:736:6:Error_Handler	1
